FAIL  ./quill.test.js
  Lexer
    keywords
      √ recognises 'let' (8 ms)
      √ recognises 'const' (2 ms)
      √ recognises 'printf' (1 ms)
      √ recognises 'say' (1 ms)
      √ recognises 'if', 'else', 'while', 'func' (2 ms)
      √ recognises boolean literals True / False (2 ms)
    identifiers
      √ simple identifier (1 ms)
      √ identifier with underscore (3 ms)
      √ identifier with trailing digits (2 ms)
    number literals
      √ integer (1 ms)
      √ float / double (3 ms)
    string literals
      √ basic string (2 ms)
      √ string with spaces (1 ms)
      √ empty string
    operators
      √ operator + (3 ms)
      √ operator - (1 ms)
      √ operator * (1 ms)
      √ operator / (1 ms)
      √ operator % (1 ms)
      √ operator = (3 ms)
      √ operator == (1 ms)
      √ operator != (1 ms)
      √ operator > (11 ms)
      √ operator >= (1 ms)
      √ operator < (1 ms)
      √ operator <= (1 ms)
      √ operator && (1 ms)
      √ operator || (2 ms)
    incrementation tokens
      √ ++ produces Incrementation token (1 ms)
      √ -- produces Incrementation token (1 ms)
      √ i++ tokenizes identifier then incrementation (1 ms)
    comments
      √ # comment token (3 ms)
      √ comment does not bleed into next line (2 ms)
    delimiters
      √ { } ( ) [ ] are tokenized (1 ms)
  Parser
    √ empty program (1 ms)
    √ variable declaration (3 ms)
    √ variable declaration with string (1 ms)
    √ variable declaration with double (2 ms)
    √ print statement (say) (3 ms)
    √ print statement (printf) (1 ms)
    √ binary expression (1 ms)
    √ if statement (1 ms)
    √ if / else (2 ms)
    √ while loop (2 ms)
    √ function declaration (3 ms)
    √ function call expression (2 ms)
    √ standalone semicolons are ignored (1 ms)
    √ comments are skipped at top level (1 ms)
    √ throws on unexpected token (101 ms)
  Interpreter
    variables
      √ let stores a number (2 ms)
      √ let stores a string (6 ms)
      √ let stores a float (5 ms)
      √ let reassigns a variable (1 ms)
      √ const stores a value (1 ms)
      √ True is stored as 1 (2 ms)
      √ False is stored as 0 (3 ms)
      √ undefined variable throws (17 ms)
    arithmetic
      √ addition (2 ms)
      √ subtraction (2 ms)
      √ multiplication (1 ms)
      √ division (2 ms)
      × modulo (1 ms)
      √ chained arithmetic (3 ms)
      √ float arithmetic (2 ms)
      √ variable used in arithmetic (2 ms)
    comparisons
      √ let r = 5 > 3; (2 ms)
      √ let r = 3 > 5; (1 ms)
      √ let r = 5 < 3; (2 ms)
      √ let r = 5 >= 5; (2 ms)
      √ let r = 5 <= 4; (1 ms)
      √ let r = 5 == 5;
      √ let r = 5 != 5; (1 ms)
    logical operators
      √ && true && true (1 ms)
      √ || false || true (4 ms)
    printing
      √ say prints a string literal (3 ms)
      √ printf prints a variable (1 ms)
      √ printf prints a number (1 ms)
      √ multiple print statements (2 ms)
    string concatenation
      √ two string literals (1 ms)
      √ string + number (1 ms)
    conditionals
      √ if true branch executes (2 ms)
      √ if false branch skipped (1 ms)
      √ else branch executes when condition false (3 ms)
      √ else branch skipped when condition true (4 ms)
      √ else if chain — first branch (6 ms)
      √ else if chain — second branch (2 ms)
      √ comparison in condition (2 ms)
      √ nested conditionals (2 ms)
    while loops
      √ basic counting loop (1 ms)
      √ loop body runs correct number of times (26 ms)
      √ loop that never runs (2 ms)
      √ loop accumulator (1 ms)
      √ nested loops (2 ms)
    functions
      √ function is stored in variables (1 ms)
      √ function call executes body (2 ms)
      √ function with multiple parameters (2 ms)
      √ function called multiple times (2 ms)
      √ function variables do not leak into outer scope (7 ms)
      √ function with loop inside (2 ms)
      √ calling undefined function throws (3 ms)
    incrementation (i++)
      √ postfix ++ increments variable (2 ms)
      √ postfix -- decrements variable (2 ms)
    standard library
      √ sqrt (2 ms)
      √ len on string (1 ms)
      √ random returns a number between 0 and 1 (7 ms)
      √ timeNow returns a non-empty string (249 ms)
      × push adds element to array (1 ms)
    comments
      √ comment does not affect execution (1 ms)
    end-to-end programs
      √ fibonacci (iterative) (3 ms)
      √ factorial via loop (2 ms)
      √ readme greet example (1 ms)
      √ readme while loop example (3 ms)
      √ readme conditional example (2 ms)
      √ variable reassignment across multiple lets (1 ms)
      √ function that uses outer stdlib (1 ms)

  ● Interpreter › arithmetic › modulo

    Unexpected token at statement level: % (Operator)

      119 |             return this.parseConditionalExpression();
      120 |         }
    > 121 |         throw new Error("Unexpected token at statement level: ".concat(token.value, " (").concat(token.type, ")"));
          |               ^
      122 |     };
      123 |     Parser.prototype.parseExpressionStatement = function () {
      124 |         var expr = this.parseExpression();

      at Parser.parseStatement (core/parser/parser.js:121:15)
      at Parser.parseStatement [as parse] (core/parser/parser.js:70:36)
      at parse (quill.test.js:34:51)
      at parse (quill.test.js:38:15)
      at Object.run (quill.test.js:347:20)

  ● Interpreter › standard library › push adds element to array

    Expected expression, but got: [

      377 |             return { type: "Identifier", name: consumed.value };
      378 |         }
    > 379 |         throw new Error("Expected expression, but got: ".concat(consumed.value));
          |               ^
      380 |     };
      381 |     return Parser;
      382 | }());

      at Parser.parsePrimary (core/parser/parser.js:379:15)
      at Parser.parsePrimary [as parseExpression] (core/parser/parser.js:276:25)
      at Parser.parseExpression [as parsePrimary] (core/parser/parser.js:358:40)
      at Parser.parsePrimary [as parseExpression] (core/parser/parser.js:276:25)
      at Parser.parseExpression [as parsePrimary] (core/parser/parser.js:358:40)
      at Parser.parsePrimary [as parseExpression] (core/parser/parser.js:276:25)
      at Parser.parseExpression [as parsePrimary] (core/parser/parser.js:358:40)
      at Parser.parsePrimary [as parseExpression] (core/parser/parser.js:276:25)
      at Parser.parseExpression [as parseVariableDeclaration] (core/parser/parser.js:146:24)
      at Parser.parseVariableDeclaration [as parseStatement] (core/parser/parser.js:78:29)
      at Parser.parseStatement [as parse] (core/parser/parser.js:70:36)
      at parse (quill.test.js:34:51)
      at parse (quill.test.js:38:15)
      at Object.run (quill.test.js:536:24)

Test Suites: 1 failed, 1 total
Tests:       2 failed, 113 passed, 115 total
Snapshots:   0 total
Time:        6.284 s
Ran all test suites matching quill.test.js.
